=== Mon Aug 31 23:23:29 EDT 2026 — full suite, no bogus flags this time ===
  /Users/iphone/Documents/PRODUCTION PIPLINE .GIT/venv/lib/python3.13/site-packages/fastapi/testclient.py:1: StarletteDeprecationWarning: Using `httpx` with `starlette.testclient` is deprecated; install `httpx2` instead.
    from starlette.testclient import TestClient as TestClient  # noqa

-- Docs: https://docs.pytest.org/en/stable/how-to/capture-warnings.html
=========================== short test summary info ============================
FAILED evals/test_generation_quality.py::test_generation_is_faithful_and_relevant[visual-style-grade]
FAILED evals/test_generation_quality.py::test_generation_is_faithful_and_relevant[tone-and-avoid]
FAILED evals/test_generation_quality.py::test_generation_is_faithful_and_relevant[runtime-and-pacing]
FAILED evals/test_generation_quality.py::test_generation_is_faithful_and_relevant[camera-address]
FAILED evals/test_generation_quality.py::test_generation_is_faithful_and_relevant[brand-identity]
FAILED evals/test_generation_quality.py::test_generation_is_faithful_and_relevant[minimum-shot-length]
FAILED evals/test_generation_quality.py::test_generation_is_faithful_and_relevant[mood-hopeful-not-dread]
FAILED evals/test_generation_quality.py::test_generation_is_faithful_and_relevant[visual-references]
FAILED evals/test_generation_quality.py::test_generation_is_faithful_and_relevant[veo3-prompt-formula]
FAILED evals/test_generation_quality.py::test_generation_is_faithful_and_relevant[seedance2-clip-length-and-refs]
FAILED evals/test_generation_quality.py::test_generation_is_faithful_and_relevant[character-sheet-default-panels]
FAILED evals/test_generation_quality.py::test_generation_is_faithful_and_relevant[short-form-hook-curiosity]
FAILED evals/test_generation_quality.py::test_generation_is_faithful_and_relevant[platform-caption-limits]
FAILED evals/test_generation_quality.py::test_generation_is_faithful_and_relevant[edit-anatomy-cuts-per-second]
FAILED tests/test_mcp_server.py::test_engine_tools_are_off_by_default - Modul...
FAILED tests/test_mcp_server.py::test_engine_tools_register_under_the_flag - ...
FAILED tests/test_mcp_server.py::test_path_is_never_published_to_the_model - ...
FAILED tests/test_mcp_server.py::test_read_only_tools_say_so - ModuleNotFound...
FAILED tests/test_mcp_server.py::test_caller_errors_reach_the_model - ModuleN...
19 failed, 1271 passed, 9 xfailed, 1 warning in 199.62s (0:03:19)

=== ruff ===
All checks passed!

=== DONE ===
