=== Mon Aug 31 23:22:06 EDT 2026 ===
pwd: /Users/iphone/Documents/PRODUCTION PIPLINE .GIT

=== python ===
Python 3.13.5

=== is a server already up on 8000? ===
COMMAND    PID        USER   FD   TYPE             DEVICE SIZE/OFF NODE NAME
python3.1 2259 mikemassaad    3u  IPv4 0x343f518a4efc1387      0t0  TCP 127.0.0.1:8000 (LISTEN)
python3.1 5072 mikemassaad    3u  IPv4 0x343f518a4efc1387      0t0  TCP 127.0.0.1:8000 (LISTEN)
curl localhost:8000 -> 200

=== import app.main (this is what the server does first) ===
APP IMPORT OK
exit=0

=== import every src module ===
import failures: 0

=== the tenancy tests ===
....................................                                     [100%]
36 passed in 2.68s
exit=0

=== the whole suite (this is the slow bit) ===
ERROR: usage: python -m pytest [options] [file_or_dir] [file_or_dir] [...]
python -m pytest: error: unrecognized arguments: --timeout=300
  inifile: /Users/iphone/Documents/PRODUCTION PIPLINE .GIT/pyproject.toml
  rootdir: /Users/iphone/Documents/PRODUCTION PIPLINE .GIT


=== does the board still have your work in it? ===
resolve_account -> 1
concepts visible: 11
locations visible: 3

=== DONE ===
